// Jest Snapshot v1, https://goo.gl/fbAQLP

exports[`Render default version of the FAB component 1`] = `
<View
  style={
    {
      "alignItems": "center",
      "backgroundColor": "#fff",
      "borderColor": "#CCCCCC",
      "borderRadius": 4,
      "borderWidth": 1,
      "flexDirection": "row",
      "marginVertical": 24,
      "paddingHorizontal": 23,
      "width": 300,
    }
  }
>
  <TextInput
    accessibilityLabel="Text input field"
    onChangeText={[MockFunction]}
    placeholder="Filter lotteries"
    style={
      {
        "flex": 1,
        "fontSize": 16,
        "height": 40,
        "paddingRight": 10,
      }
    }
    value=""
  />
  <Text />
</View>
`;

exports[`Search Render default version of the FAB component 1`] = `
<View
  style={
    {
      "alignItems": "center",
      "backgroundColor": "#fff",
      "borderColor": "#CCCCCC",
      "borderRadius": 4,
      "borderWidth": 1,
      "flexDirection": "row",
      "marginVertical": 24,
      "paddingHorizontal": 23,
      "width": 300,
    }
  }
>
  <TextInput
    accessibilityLabel="Text input field"
    onChangeText={[MockFunction]}
    placeholder="Filter lotteries"
    style={
      {
        "flex": 1,
        "fontSize": 16,
        "height": 40,
        "paddingRight": 10,
      }
    }
    value=""
  />
</View>
`;
